=== DEBUG SESSION START: 2026-02-19T14:51:33.250851+00:00 UTC ===

[PLAYBOOK SELECTION]
Alert Name: Data Exfiltration Anomaly
Selected Playbook: excessive_downloads.json

[TOOL CALL]
Tool: lookup_users
Arguments: {"emails": ["Liam.O-Sullivan@globalcorp.ee"]}

[TOOL RESPONSE]
[
  {
    "email": "Liam.O-Sullivan@globalcorp.ee",
    "full_name": "Liam O'Sullivan",
    "department": "Supply Chain & Logistics",
    "role": "Regional Logistics Coordinator (Ireland)"
  }
]

[TOOL CALL]
Tool: get_recent_events
Arguments: {}

[TOOL RESPONSE]
No recent events found.

[TOOL CALL]
Tool: get_recent_similar_alerts
Arguments: {}

[TOOL RESPONSE]
No recent similar alerts found.

