--- Decided on Playbook: excessive_downloads.json for alerts\Data Exfiltration Anomaly\HP\alert-1 ---
[03/03/26 01:29:21] INFO     Processing request of type           server.py:713
                             CallToolRequest                                   
                    INFO     Processing request of type           server.py:713
                             ListToolsRequest                                  
                    INFO     Processing request of type           server.py:713
                             CallToolRequest                                   
[03/03/26 01:29:22] INFO     HTTP Request: GET                  _client.py:1740
                             https://api.abuseipdb.com/api/v2/c                
                             heck?ipAddress=194.126.101.99&verb                
                             ose=true "HTTP/1.1 200 OK"                        
                    INFO     HTTP Request: GET                  _client.py:1740
                             https://vpnapi.io/api/194.126.101.                
                             99?key=3a8955355abf49748efb87f626c                
                             492cc "HTTP/1.1 200 OK"                           
                    INFO     Processing request of type           server.py:713
                             CallToolRequest                                   
                    INFO     HTTP Request: GET                  _client.py:1740
                             https://vpnapi.io/api/40.108.201.1                
                             5?key=3a8955355abf49748efb87f626c4                
                             92cc "HTTP/1.1 200 OK"                            
                    INFO     HTTP Request: GET                  _client.py:1740
                             https://api.abuseipdb.com/api/v2/c                
                             heck?ipAddress=40.108.201.15&verbo                
                             se=true "HTTP/1.1 200 OK"                         
📊 alert-1 | Input: 4979 | Output: 4751 | Time: 36.33 sec
✅ CORRECT: Data Exfiltration Anomaly | Folder: HP (Got: HP)
--- Decided on Playbook: excessive_downloads.json for alerts\Data Exfiltration Anomaly\HP\alert-10 ---
[03/03/26 01:29:55] INFO     Processing request of type           server.py:713
                             CallToolRequest                                   
                    INFO     Processing request of type           server.py:713
                             CallToolRequest                                   
                    INFO     HTTP Request: GET                  _client.py:1740
                             https://vpnapi.io/api/78.60.112.55                
                             ?key=3a8955355abf49748efb87f626c49                
                             2cc "HTTP/1.1 200 OK"                             
                    INFO     HTTP Request: GET                  _client.py:1740
                             https://api.abuseipdb.com/api/v2/c                
                             heck?ipAddress=78.60.112.55&verbos                
                             e=true "HTTP/1.1 200 OK"                          
📊 alert-10 | Input: 5114 | Output: 4296 | Time: 36.52 sec
✅ CORRECT: Data Exfiltration Anomaly | Folder: HP (Got: HP)
--- Decided on Playbook: excessive_downloads.json for alerts\Data Exfiltration Anomaly\HP\alert-2 ---
📊 alert-2 | Input: 2729 | Output: 3409 | Time: 27.97 sec
✅ CORRECT: Data Exfiltration Anomaly | Folder: HP (Got: HP)
--- Decided on Playbook: excessive_downloads.json for alerts\Data Exfiltration Anomaly\HP\alert-3 ---
[03/03/26 01:31:06] INFO     Processing request of type           server.py:713
                             CallToolRequest                                   
                    INFO     Processing request of type           server.py:713
                             CallToolRequest                                   
[03/03/26 01:31:07] INFO     HTTP Request: GET                  _client.py:1740
                             https://vpnapi.io/api/145.14.37.20                
                             1?key=3a8955355abf49748efb87f626c4                
                             92cc "HTTP/1.1 200 OK"                            
                    INFO     HTTP Request: GET                  _client.py:1740
                             https://api.abuseipdb.com/api/v2/c                
                             heck?ipAddress=145.14.37.201&verbo                
                             se=true "HTTP/1.1 200 OK"                         
📊 alert-3 | Input: 4968 | Output: 4423 | Time: 39.08 sec
✅ CORRECT: Data Exfiltration Anomaly | Folder: HP (Got: HP)
--- Decided on Playbook: excessive_downloads.json for alerts\Data Exfiltration Anomaly\HP\alert-4 ---
📊 alert-4 | Input: 2715 | Output: 3545 | Time: 33.35 sec
✅ CORRECT: Data Exfiltration Anomaly | Folder: HP (Got: HP)
--- Decided on Playbook: excessive_downloads.json for alerts\Data Exfiltration Anomaly\HP\alert-5 ---
[03/03/26 01:32:26] INFO     Processing request of type           server.py:713
                             CallToolRequest                                   
                    INFO     Processing request of type           server.py:713
                             CallToolRequest                                   
                    INFO     HTTP Request: GET                  _client.py:1740
                             https://vpnapi.io/api/109.70.100.1                
                             ?key=3a8955355abf49748efb87f626c49                
                             2cc "HTTP/1.1 200 OK"                             
                    INFO     HTTP Request: GET                  _client.py:1740
                             https://api.abuseipdb.com/api/v2/c                
                             heck?ipAddress=109.70.100.1&verbos                
                             e=true "HTTP/1.1 200 OK"                          
[03/03/26 01:32:27] INFO     Processing request of type           server.py:713
                             CallToolRequest                                   
                    INFO     HTTP Request: GET                  _client.py:1740
                             https://vpnapi.io/api/40.108.201.1                
                             5?key=3a8955355abf49748efb87f626c4                
                             92cc "HTTP/1.1 200 OK"                            
                    INFO     HTTP Request: GET                  _client.py:1740
                             https://api.abuseipdb.com/api/v2/c                
                             heck?ipAddress=40.108.201.15&verbo                
                             se=true "HTTP/1.1 200 OK"                         
📊 alert-5 | Input: 5001 | Output: 5953 | Time: 54.54 sec
✅ CORRECT: Data Exfiltration Anomaly | Folder: HP (Got: HP)
--- Decided on Playbook: excessive_downloads.json for alerts\Data Exfiltration Anomaly\HP\alert-6 ---
📊 alert-6 | Input: 2924 | Output: 3799 | Time: 40.57 sec
✅ CORRECT: Data Exfiltration Anomaly | Folder: HP (Got: HP)
--- Decided on Playbook: excessive_downloads.json for alerts\Data Exfiltration Anomaly\HP\alert-7 ---
📊 alert-7 | Input: 2940 | Output: 3202 | Time: 28.85 sec
✅ CORRECT: Data Exfiltration Anomaly | Folder: HP (Got: HP)
--- Decided on Playbook: excessive_downloads.json for alerts\Data Exfiltration Anomaly\HP\alert-8 ---
📊 alert-8 | Input: 2876 | Output: 2883 | Time: 25.09 sec
✅ CORRECT: Data Exfiltration Anomaly | Folder: HP (Got: HP)
--- Decided on Playbook: excessive_downloads.json for alerts\Data Exfiltration Anomaly\HP\alert-9 ---
📊 alert-9 | Input: 2994 | Output: 3274 | Time: 29.26 sec
✅ CORRECT: Data Exfiltration Anomaly | Folder: HP (Got: HP)
--- Decided on Playbook: excessive_downloads.json for alerts\Data Exfiltration Anomaly\LP\alert-1 ---
📊 alert-1 | Input: 2723 | Output: 4313 | Time: 30.13 sec
❌ INCORRECT: Data Exfiltration Anomaly | Expected: LP (Got: HP)
--- Decided on Playbook: excessive_downloads.json for alerts\Data Exfiltration Anomaly\LP\alert-10 ---
📊 alert-10 | Input: 2906 | Output: 3101 | Time: 22.47 sec
❌ INCORRECT: Data Exfiltration Anomaly | Expected: LP (Got: HP)
--- Decided on Playbook: excessive_downloads.json for alerts\Data Exfiltration Anomaly\LP\alert-2 ---
📊 alert-2 | Input: 2722 | Output: 3492 | Time: 22.83 sec
❌ INCORRECT: Data Exfiltration Anomaly | Expected: LP (Got: HP)
--- Decided on Playbook: excessive_downloads.json for alerts\Data Exfiltration Anomaly\LP\alert-3 ---
📊 alert-3 | Input: 2737 | Output: 2610 | Time: 21.45 sec
❌ INCORRECT: Data Exfiltration Anomaly | Expected: LP (Got: HP)
--- Decided on Playbook: excessive_downloads.json for alerts\Data Exfiltration Anomaly\LP\alert-4 ---
📊 alert-4 | Input: 2811 | Output: 3962 | Time: 28.27 sec
❌ INCORRECT: Data Exfiltration Anomaly | Expected: LP (Got: HP)
--- Decided on Playbook: excessive_downloads.json for alerts\Data Exfiltration Anomaly\LP\alert-5 ---
📊 alert-5 | Input: 2667 | Output: 3491 | Time: 28.35 sec
❌ INCORRECT: Data Exfiltration Anomaly | Expected: LP (Got: HP)
--- Decided on Playbook: excessive_downloads.json for alerts\Data Exfiltration Anomaly\LP\alert-6 ---
📊 alert-6 | Input: 2949 | Output: 2995 | Time: 21.44 sec
❌ INCORRECT: Data Exfiltration Anomaly | Expected: LP (Got: HP)
--- Decided on Playbook: excessive_downloads.json for alerts\Data Exfiltration Anomaly\LP\alert-7 ---
📊 alert-7 | Input: 2894 | Output: 3031 | Time: 18.75 sec
❌ INCORRECT: Data Exfiltration Anomaly | Expected: LP (Got: HP)
--- Decided on Playbook: excessive_downloads.json for alerts\Data Exfiltration Anomaly\LP\alert-8 ---
📊 alert-8 | Input: 2898 | Output: 3969 | Time: 23.07 sec
❌ INCORRECT: Data Exfiltration Anomaly | Expected: LP (Got: HP)
--- Decided on Playbook: excessive_downloads.json for alerts\Data Exfiltration Anomaly\LP\alert-9 ---
📊 alert-9 | Input: 2871 | Output: 3529 | Time: 21.26 sec
❌ INCORRECT: Data Exfiltration Anomaly | Expected: LP (Got: HP)
--- Decided on Playbook: suspicious_dns_queries.json for alerts\DNS Tunneling Anomaly\HP\alert-1 ---
[03/03/26 01:39:08] INFO     Processing request of type           server.py:713
                             CallToolRequest                                   
📊 alert-1 | Input: 4924 | Output: 4738 | Time: 28.15 sec
✅ CORRECT: DNS Tunneling Anomaly | Folder: HP (Got: HP)
--- Decided on Playbook: suspicious_dns_queries.json for alerts\DNS Tunneling Anomaly\HP\alert-2 ---
[03/03/26 01:39:36] INFO     Processing request of type           server.py:713
                             CallToolRequest                                   
📊 alert-2 | Input: 4868 | Output: 6096 | Time: 36.54 sec
✅ CORRECT: DNS Tunneling Anomaly | Folder: HP (Got: HP)
--- Decided on Playbook: suspicious_dns_queries.json for alerts\DNS Tunneling Anomaly\HP\alert-3 ---
[03/03/26 01:40:13] INFO     Processing request of type           server.py:713
                             CallToolRequest                                   
📊 alert-3 | Input: 5102 | Output: 5584 | Time: 31.31 sec
✅ CORRECT: DNS Tunneling Anomaly | Folder: HP (Got: HP)
--- Decided on Playbook: suspicious_dns_queries.json for alerts\DNS Tunneling Anomaly\HP\alert-4 ---
[03/03/26 01:40:46] INFO     Processing request of type           server.py:713
                             CallToolRequest                                   
📊 alert-4 | Input: 5110 | Output: 5979 | Time: 33.92 sec
✅ CORRECT: DNS Tunneling Anomaly | Folder: HP (Got: HP)
--- Decided on Playbook: suspicious_dns_queries.json for alerts\DNS Tunneling Anomaly\HP\alert-5 ---
📊 alert-5 | Input: 2818 | Output: 3019 | Time: 20.47 sec
✅ CORRECT: DNS Tunneling Anomaly | Folder: HP (Got: HP)
--- Decided on Playbook: suspicious_dns_queries.json for alerts\DNS Tunneling Anomaly\LP\alert-1 ---
📊 alert-1 | Input: 2754 | Output: 2939 | Time: 20.41 sec
❌ INCORRECT: DNS Tunneling Anomaly | Expected: LP (Got: HP)
--- Decided on Playbook: suspicious_dns_queries.json for alerts\DNS Tunneling Anomaly\LP\alert-2 ---
[03/03/26 01:41:56] INFO     Processing request of type           server.py:713
                             CallToolRequest                                   
📊 alert-2 | Input: 5085 | Output: 3878 | Time: 24.66 sec
❌ INCORRECT: DNS Tunneling Anomaly | Expected: LP (Got: HP)
--- Decided on Playbook: suspicious_dns_queries.json for alerts\DNS Tunneling Anomaly\LP\alert-3 ---
[03/03/26 01:42:19] INFO     Processing request of type           server.py:713
                             CallToolRequest                                   
📊 alert-3 | Input: 5087 | Output: 4699 | Time: 29.53 sec
❌ INCORRECT: DNS Tunneling Anomaly | Expected: LP (Got: HP)
--- Decided on Playbook: suspicious_dns_queries.json for alerts\DNS Tunneling Anomaly\LP\alert-4 ---
[03/03/26 01:43:03] INFO     Processing request of type           server.py:713
                             CallToolRequest                                   
📊 alert-4 | Input: 5262 | Output: 7037 | Time: 43.92 sec
❌ INCORRECT: DNS Tunneling Anomaly | Expected: LP (Got: HP)
--- Decided on Playbook: suspicious_dns_queries.json for alerts\DNS Tunneling Anomaly\LP\alert-5 ---
[03/03/26 01:43:36] INFO     Processing request of type           server.py:713
                             CallToolRequest                                   
📊 alert-5 | Input: 5588 | Output: 6132 | Time: 39.86 sec
❌ INCORRECT: DNS Tunneling Anomaly | Expected: LP (Got: HP)
--- Decided on Playbook: EDR_malware_alerts.json for alerts\EDR\HP\alert-1 ---
📊 alert-1 | Input: 2851 | Output: 2930 | Time: 18.26 sec
✅ CORRECT: SentinelOne: XDR Miscellaneous Malware | Folder: HP (Got: HP)
--- Decided on Playbook: EDR_malware_alerts.json for alerts\EDR\HP\alert-2 ---
📊 alert-2 | Input: 2705 | Output: 3584 | Time: 21.50 sec
✅ CORRECT: Trend Micro: Malware Detected on Endpoint | Folder: HP (Got: HP)
--- Decided on Playbook: EDR_malware_alerts.json for alerts\EDR\HP\alert-3 ---
📊 alert-3 | Input: 2770 | Output: 3194 | Time: 23.50 sec
✅ CORRECT: Trend Micro: Possible Data Encrypted for Impact | Folder: HP (Got: HP)
--- Decided on Playbook: EDR_anti_tampering.json for alerts\EDR\HP\alert-4 ---
📊 alert-4 | Input: 2424 | Output: 2214 | Time: 13.58 sec
✅ CORRECT: Microsoft Defender: Antivirus Tampering Attempt Prevented | Folder: HP (Got: HP)
--- Decided on Playbook: EDR_malware_alerts.json for alerts\EDR\HP\alert-5 ---
[03/03/26 01:45:46] INFO     Processing request of type           server.py:713
                             CallToolRequest                                   
                    INFO     Processing request of type           server.py:713
                             CallToolRequest                                   
[03/03/26 01:45:47] INFO     HTTP Request: GET                  _client.py:1740
                             https://www.virustotal.com/api/v3/                
                             files/686d018c86c03165925ebd3773c6                
                             22f182c93f54b98db9616bae86f5e8684e                
                             4c "HTTP/1.1 200 OK"                              
📊 alert-5 | Input: 5069 | Output: 8454 | Time: 47.87 sec
✅ CORRECT: Malware Prevention: Trojan:Win32/SparkOnSoft | Folder: HP (Got: HP)
--- Decided on Playbook: EDR_malware_alerts.json for alerts\EDR\LP\alert-1 ---
[03/03/26 01:46:24] INFO     Processing request of type           server.py:713
                             CallToolRequest                                   
                    INFO     Processing request of type           server.py:713
                             CallToolRequest                                   
                    INFO     HTTP Request: GET                  _client.py:1740
                             https://www.virustotal.com/api/v3/                
                             files/f4e3d2c1b0a9f8e7d6c5b4a3f2e1                
                             d0c9b8a7f6e5d4c3b2a1f0e9d8c7b6a5f4                
                             e3 "HTTP/1.1 404 Not Found"                       
📊 alert-1 | Input: 6450 | Output: 5795 | Time: 34.00 sec
✅ CORRECT: Microsoft Defender: Potentially Unwanted Application Prevented | Folder: LP (Got: LP)
--- Decided on Playbook: EDR_identity_alerts.json for alerts\EDR\LP\alert-2 ---
📊 alert-2 | Input: 3900 | Output: 4303 | Time: 23.79 sec
❌ INCORRECT: Trend Micro Vision One: Suspicious Mailbox Rule Deletes All Incoming Emails | Expected: LP (Got: HP)
--- Decided on Playbook: EDR_malware_alerts.json for alerts\EDR\LP\alert-3 ---
[03/03/26 01:47:27] INFO     Processing request of type           server.py:713
                             CallToolRequest                                   
                    INFO     Processing request of type           server.py:713
                             CallToolRequest                                   
[03/03/26 01:47:28] INFO     HTTP Request: GET                  _client.py:1740
                             https://www.virustotal.com/api/v3/                
                             files/8c3b2a1f0e9d8c7b6a5f4e3d2c1b                
                             0a9f8e7d6c5b4a3f2e1d0c9b8a7f6e5d4c                
                             3b "HTTP/1.1 404 Not Found"                       
                    INFO     Processing request of type           server.py:713
                             CallToolRequest                                   
[03/03/26 01:47:29] INFO     HTTP Request: GET                  _client.py:1740
                             https://vpnapi.io/api/10.15.22.84?                
                             key=3a8955355abf49748efb87f626c492                
                             cc "HTTP/1.1 200 OK"                              
                    INFO     HTTP Request: GET                  _client.py:1740
                             https://api.abuseipdb.com/api/v2/c                
                             heck?ipAddress=10.15.22.84&verbose                
                             =true "HTTP/1.1 200 OK"                           
📊 alert-3 | Input: 5788 | Output: 7296 | Time: 46.15 sec
✅ CORRECT: SentinelOne: XDR Miscellaneous Malware | Folder: LP (Got: LP)
--- Decided on Playbook: EDR_malware_alerts.json for alerts\EDR\LP\alert-4 ---
📊 alert-4 | Input: 2754 | Output: 3371 | Time: 21.64 sec
✅ CORRECT: SentinelOne: XDR Miscellaneous Malware | Folder: LP (Got: LP)
--- Decided on Playbook: suspicious_powershell.json for alerts\EDR\LP\alert-5 ---
📊 alert-5 | Input: 2775 | Output: 3504 | Time: 19.18 sec
❌ INCORRECT: SentinelOne: Privilege Escalation | Expected: LP (Got: HP)
--- Decided on Playbook: suspicious_cloud_network_activity.json for alerts\Suspicious Azure Network Activity\HP\alert-1 ---
📊 alert-1 | Input: 3041 | Output: 3008 | Time: 15.96 sec
✅ CORRECT: Azure Network Security Modification | Folder: HP (Got: HP)
--- Decided on Playbook: suspicious_cloud_network_activity.json for alerts\Suspicious Azure Network Activity\HP\alert-2 ---
[03/03/26 01:48:58] INFO     Processing request of type           server.py:713
                             CallToolRequest                                   
📊 alert-2 | Input: 5523 | Output: 4586 | Time: 25.36 sec
✅ CORRECT: Azure Network Security Modification | Folder: HP (Got: HP)
--- Decided on Playbook: suspicious_cloud_network_activity.json for alerts\Suspicious Azure Network Activity\HP\alert-3 ---
📊 alert-3 | Input: 2996 | Output: 2984 | Time: 16.86 sec
✅ CORRECT: Azure Network Security Modification | Folder: HP (Got: HP)
--- Decided on Playbook: suspicious_cloud_network_activity.json for alerts\Suspicious Azure Network Activity\HP\alert-4 ---
[03/03/26 01:49:44] INFO     Processing request of type           server.py:713
                             CallToolRequest                                   
📊 alert-4 | Input: 5526 | Output: 7045 | Time: 40.17 sec
✅ CORRECT: Azure Network Security Modification | Folder: HP (Got: HP)
--- Decided on Playbook: suspicious_cloud_network_activity.json for alerts\Suspicious Azure Network Activity\HP\alert-5 ---
📊 alert-5 | Input: 2847 | Output: 4086 | Time: 22.72 sec
✅ CORRECT: Azure Network Security Modification | Folder: HP (Got: HP)
--- Decided on Playbook: suspicious_cloud_network_activity.json for alerts\Suspicious Azure Network Activity\LP\alert-1 ---
[03/03/26 01:50:56] INFO     Processing request of type           server.py:713
                             CallToolRequest                                   
                    INFO     HTTP Request: GET                  _client.py:1740
                             https://vpnapi.io/api/40.113.112.5                
                             5?key=3a8955355abf49748efb87f626c4                
                             92cc "HTTP/1.1 200 OK"                            
                    INFO     HTTP Request: GET                  _client.py:1740
                             https://api.abuseipdb.com/api/v2/c                
                             heck?ipAddress=40.113.112.55&verbo                
                             se=true "HTTP/1.1 200 OK"                         
📊 alert-1 | Input: 5983 | Output: 8033 | Time: 49.10 sec
❌ INCORRECT: Azure Network Security Modification | Expected: LP (Got: HP)
--- Decided on Playbook: suspicious_cloud_network_activity.json for alerts\Suspicious Azure Network Activity\LP\alert-2 ---
📊 alert-2 | Input: 5377 | Output: 7451 | Time: 43.63 sec
✅ CORRECT: Azure Network Security Modification | Folder: LP (Got: LP)
--- Decided on Playbook: suspicious_cloud_network_activity.json for alerts\Suspicious Azure Network Activity\LP\alert-3 ---
📊 alert-3 | Input: 2963 | Output: 4414 | Time: 27.30 sec
✅ CORRECT: Azure Network Security Modification | Folder: LP (Got: LP)
--- Decided on Playbook: suspicious_cloud_network_activity.json for alerts\Suspicious Azure Network Activity\LP\alert-4 ---
📊 alert-4 | Input: 2969 | Output: 3148 | Time: 17.84 sec
❌ INCORRECT: Azure Network Security Modification | Expected: LP (Got: HP)
--- Decided on Playbook: suspicious_cloud_network_activity.json for alerts\Suspicious Azure Network Activity\LP\alert-5 ---
📊 alert-5 | Input: 5551 | Output: 4378 | Time: 23.39 sec
✅ CORRECT: Azure Network Security Modification | Folder: LP (Got: LP)
--- Decided on Playbook: suspicious_login.json for alerts\Suspicious Login\HP\alert-1 ---
[03/03/26 01:53:23] INFO     Processing request of type           server.py:713
                             CallToolRequest                                   
                    INFO     HTTP Request: GET                  _client.py:1740
                             https://vpnapi.io/api/103.1.64.118                
                             ?key=3a8955355abf49748efb87f626c49                
                             2cc "HTTP/1.1 200 OK"                             
                    INFO     HTTP Request: GET                  _client.py:1740
                             https://api.abuseipdb.com/api/v2/c                
                             heck?ipAddress=103.1.64.118&verbos                
                             e=true "HTTP/1.1 200 OK"                          
📊 alert-1 | Input: 4373 | Output: 4534 | Time: 24.16 sec
✅ CORRECT: User Login Location Anomaly | Folder: HP (Got: HP)
--- Decided on Playbook: suspicious_login.json for alerts\Suspicious Login\HP\alert-2 ---
📊 alert-2 | Input: 2372 | Output: 2800 | Time: 16.37 sec
✅ CORRECT: User Login Location Anomaly | Folder: HP (Got: HP)
--- Decided on Playbook: suspicious_login.json for alerts\Suspicious Login\HP\alert-3 ---
[03/03/26 01:54:09] INFO     Processing request of type           server.py:713
                             CallToolRequest                                   
[03/03/26 01:54:10] INFO     HTTP Request: GET                  _client.py:1740
                             https://vpnapi.io/api/176.120.22.4                
                             7?key=3a8955355abf49748efb87f626c4                
                             92cc "HTTP/1.1 200 OK"                            
                    INFO     HTTP Request: GET                  _client.py:1740
                             https://api.abuseipdb.com/api/v2/c                
                             heck?ipAddress=176.120.22.47&verbo                
                             se=true "HTTP/1.1 200 OK"                         
📊 alert-3 | Input: 4379 | Output: 6071 | Time: 39.16 sec
✅ CORRECT: User Login Location Anomaly | Folder: HP (Got: HP)
--- Decided on Playbook: suspicious_login.json for alerts\Suspicious Login\HP\alert-4 ---
[03/03/26 01:54:42] INFO     Processing request of type           server.py:713
                             CallToolRequest                                   
[03/03/26 01:54:43] INFO     HTTP Request: GET                  _client.py:1740
                             https://vpnapi.io/api/152.32.141.1                
                             99?key=3a8955355abf49748efb87f626c                
                             492cc "HTTP/1.1 200 OK"                           
                    INFO     HTTP Request: GET                  _client.py:1740
                             https://api.abuseipdb.com/api/v2/c                
                             heck?ipAddress=152.32.141.199&verb                
                             ose=true "HTTP/1.1 200 OK"                        
📊 alert-4 | Input: 4386 | Output: 4193 | Time: 25.92 sec
✅ CORRECT: User Login Location Anomaly | Folder: HP (Got: HP)
--- Decided on Playbook: suspicious_login.json for alerts\Suspicious Login\HP\alert-5 ---
[03/03/26 01:55:09] INFO     Processing request of type           server.py:713
                             CallToolRequest                                   
[03/03/26 01:55:10] INFO     HTTP Request: GET                  _client.py:1740
                             https://vpnapi.io/api/182.95.178.1                
                             58?key=3a8955355abf49748efb87f626c                
                             492cc "HTTP/1.1 200 OK"                           
                    INFO     HTTP Request: GET                  _client.py:1740
                             https://api.abuseipdb.com/api/v2/c                
                             heck?ipAddress=182.95.178.158&verb                
                             ose=true "HTTP/1.1 200 OK"                        
📊 alert-5 | Input: 4373 | Output: 4349 | Time: 28.22 sec
✅ CORRECT: User Login Location Anomaly | Folder: HP (Got: HP)
--- Decided on Playbook: suspicious_login.json for alerts\Suspicious Login\LP\alert-1 ---
[03/03/26 01:55:38] INFO     Processing request of type           server.py:713
                             CallToolRequest                                   
[03/03/26 01:55:39] INFO     HTTP Request: GET                  _client.py:1740
                             https://vpnapi.io/api/41.160.0.2?k                
                             ey=3a8955355abf49748efb87f626c492c                
                             c "HTTP/1.1 200 OK"                               
                    INFO     HTTP Request: GET                  _client.py:1740
                             https://api.abuseipdb.com/api/v2/c                
                             heck?ipAddress=41.160.0.2&verbose=                
                             true "HTTP/1.1 200 OK"                            
📊 alert-1 | Input: 4762 | Output: 4933 | Time: 31.72 sec
✅ CORRECT: User Login Location Anomaly | Folder: LP (Got: LP)
--- Decided on Playbook: suspicious_login.json for alerts\Suspicious Login\LP\alert-2 ---
[03/03/26 01:56:13] INFO     Processing request of type           server.py:713
                             CallToolRequest                                   
                    INFO     HTTP Request: GET                  _client.py:1740
                             https://vpnapi.io/api/155.133.15.2                
                             ?key=3a8955355abf49748efb87f626c49                
                             2cc "HTTP/1.1 200 OK"                             
                    INFO     HTTP Request: GET                  _client.py:1740
                             https://api.abuseipdb.com/api/v2/c                
                             heck?ipAddress=155.133.15.2&verbos                
                             e=true "HTTP/1.1 200 OK"                          
📊 alert-2 | Input: 4564 | Output: 5364 | Time: 37.93 sec
❌ INCORRECT: User Login Location Anomaly | Expected: LP (Got: HP)
--- Decided on Playbook: suspicious_login.json for alerts\Suspicious Login\LP\alert-3 ---
[03/03/26 01:56:46] INFO     Processing request of type           server.py:713
                             CallToolRequest                                   
                    INFO     HTTP Request: GET                  _client.py:1740
                             https://vpnapi.io/api/195.88.86.50                
                             ?key=3a8955355abf49748efb87f626c49                
                             2cc "HTTP/1.1 200 OK"                             
                    INFO     HTTP Request: GET                  _client.py:1740
                             https://api.abuseipdb.com/api/v2/c                
                             heck?ipAddress=195.88.86.50&verbos                
                             e=true "HTTP/1.1 200 OK"                          
📊 alert-3 | Input: 4433 | Output: 4067 | Time: 28.71 sec
✅ CORRECT: User Login Location Anomaly | Folder: LP (Got: LP)
--- Decided on Playbook: suspicious_login.json for alerts\Suspicious Login\LP\alert-4 ---
[03/03/26 01:57:18] INFO     Processing request of type           server.py:713
                             CallToolRequest                                   
[03/03/26 01:57:19] INFO     HTTP Request: GET                  _client.py:1740
                             https://vpnapi.io/api/83.110.250.2                
                             31?key=3a8955355abf49748efb87f626c                
                             492cc "HTTP/1.1 200 OK"                           
                    INFO     HTTP Request: GET                  _client.py:1740
                             https://api.abuseipdb.com/api/v2/c                
                             heck?ipAddress=83.110.250.231&verb                
                             ose=true "HTTP/1.1 200 OK"                        
📊 alert-4 | Input: 4541 | Output: 5146 | Time: 37.01 sec
✅ CORRECT: User Login Location Anomaly | Folder: LP (Got: LP)
--- Decided on Playbook: suspicious_login.json for alerts\Suspicious Login\LP\alert-5 ---
[03/03/26 01:57:55] INFO     Processing request of type           server.py:713
                             CallToolRequest                                   
                    INFO     HTTP Request: GET                  _client.py:1740
                             https://vpnapi.io/api/154.86.26.91                
                             ?key=3a8955355abf49748efb87f626c49                
                             2cc "HTTP/1.1 200 OK"                             
                    INFO     HTTP Request: GET                  _client.py:1740
                             https://api.abuseipdb.com/api/v2/c                
                             heck?ipAddress=154.86.26.91&verbos                
                             e=true "HTTP/1.1 200 OK"                          
📊 alert-5 | Input: 4572 | Output: 5251 | Time: 34.69 sec
✅ CORRECT: User Login Location Anomaly | Folder: LP (Got: LP)
--- Decided on Playbook: suspicious_powershell.json for alerts\Suspicious PowerShell Script\HP\alert-1 ---
📊 alert-1 | Input: 4517 | Output: 6481 | Time: 39.73 sec
✅ CORRECT: Suspicious PowerShell Script Execution | Folder: HP (Got: HP)
--- Decided on Playbook: suspicious_powershell.json for alerts\Suspicious PowerShell Script\HP\alert-10 ---
[03/03/26 01:59:18] INFO     Processing request of type           server.py:713
                             CallToolRequest                                   
[03/03/26 01:59:19] INFO     HTTP Request: GET                  _client.py:1740
                             https://www.virustotal.com/api/v3/                
                             files/9785001b0dcf755eddb8af294a37                
                             3c0b87b2498660f724e76c4d53f9c217c7                
                             a3 "HTTP/1.1 200 OK"                              
📊 alert-10 | Input: 5877 | Output: 7162 | Time: 43.85 sec
✅ CORRECT: Suspicious PowerShell Script Execution | Folder: HP (Got: HP)
--- Decided on Playbook: suspicious_powershell.json for alerts\Suspicious PowerShell Script\HP\alert-2 ---
[03/03/26 01:59:55] INFO     Processing request of type           server.py:713
                             CallToolRequest                                   
                    INFO     HTTP Request: GET                  _client.py:1740
                             https://api.abuseipdb.com/api/v2/c                
                             heck?ipAddress=185.199.88.22&verbo                
                             se=true "HTTP/1.1 200 OK"                         
                    INFO     HTTP Request: GET                  _client.py:1740
                             https://vpnapi.io/api/185.199.88.2                
                             2?key=3a8955355abf49748efb87f626c4                
                             92cc "HTTP/1.1 200 OK"                            
📊 alert-2 | Input: 4611 | Output: 4621 | Time: 26.19 sec
✅ CORRECT: Suspicious PowerShell Script Execution | Folder: HP (Got: HP)
--- Decided on Playbook: suspicious_powershell.json for alerts\Suspicious PowerShell Script\HP\alert-3 ---
📊 alert-3 | Input: 2604 | Output: 3696 | Time: 41.68 sec
✅ CORRECT: Suspicious PowerShell Script Execution | Folder: HP (Got: HP)
--- Decided on Playbook: suspicious_powershell.json for alerts\Suspicious PowerShell Script\HP\alert-4 ---
📊 alert-4 | Input: 4543 | Output: 6250 | Time: 65.93 sec
❌ INCORRECT: Suspicious PowerShell Script Execution | Expected: HP (Got: LP)
--- Decided on Playbook: suspicious_powershell.json for alerts\Suspicious PowerShell Script\HP\alert-5 ---
📊 alert-5 | Input: 4601 | Output: 4192 | Time: 43.15 sec
✅ CORRECT: Suspicious PowerShell Script Execution | Folder: HP (Got: HP)
--- Decided on Playbook: suspicious_powershell.json for alerts\Suspicious PowerShell Script\HP\alert-6 ---
[03/03/26 02:03:02] INFO     Processing request of type           server.py:713
                             CallToolRequest                                   
                    INFO     HTTP Request: GET                  _client.py:1740
                             https://www.virustotal.com/api/v3/                
                             files/75d216cde89d62ae1f9a8137ce7e                
                             e32fec7a1da96826be471e664223651720                
                             bc "HTTP/1.1 200 OK"                              
[03/03/26 02:03:14] INFO     Processing request of type           server.py:713
                             CallToolRequest                                   
[03/03/26 02:03:15] INFO     HTTP Request: GET                  _client.py:1740
                             https://vpnapi.io/api/45.33.19.121                
                             ?key=3a8955355abf49748efb87f626c49                
                             2cc "HTTP/1.1 200 OK"                             
[03/03/26 02:03:16] INFO     HTTP Request: GET                  _client.py:1740
                             https://api.abuseipdb.com/api/v2/c                
                             heck?ipAddress=45.33.19.121&verbos                
                             e=true "HTTP/1.1 200 OK"                          
📊 alert-6 | Input: 7291 | Output: 5783 | Time: 59.08 sec
✅ CORRECT: Suspicious PowerShell Script Execution | Folder: HP (Got: HP)
--- Decided on Playbook: suspicious_powershell.json for alerts\Suspicious PowerShell Script\HP\alert-7 ---
[03/03/26 02:03:57] INFO     Processing request of type           server.py:713
                             CallToolRequest                                   
[03/03/26 02:03:58] INFO     HTTP Request: GET                  _client.py:1740
                             https://www.virustotal.com/api/v3/                
                             files/9785001b0dcf755eddb8af294a37                
                             3c0b87b2498660f724e76c4d53f9c217c7                
                             a3 "HTTP/1.1 200 OK"                              
[03/03/26 02:04:08] INFO     Processing request of type           server.py:713
                             CallToolRequest                                   
[03/03/26 02:04:09] INFO     HTTP Request: GET                  _client.py:1740
                             https://vpnapi.io/api/183.56.231.2                
                             16?key=3a8955355abf49748efb87f626c                
                             492cc "HTTP/1.1 200 OK"                           
                    INFO     HTTP Request: GET                  _client.py:1740
                             https://api.abuseipdb.com/api/v2/c                
                             heck?ipAddress=183.56.231.216&verb                
                             ose=true "HTTP/1.1 200 OK"                        
📊 alert-7 | Input: 11636 | Output: 8358 | Time: 74.78 sec
✅ CORRECT: Suspicious PowerShell Script Execution | Folder: HP (Got: HP)
--- Decided on Playbook: suspicious_powershell.json for alerts\Suspicious PowerShell Script\HP\alert-8 ---
[03/03/26 02:05:31] INFO     Processing request of type           server.py:713
                             CallToolRequest                                   
[03/03/26 02:05:32] INFO     HTTP Request: GET                  _client.py:1740
                             https://www.virustotal.com/api/v3/                
                             files/9785001b0dcf755eddb8af294a37                
                             3c0b87b2498660f724e76c4d53f9c217c7                
                             a3 "HTTP/1.1 200 OK"                              
                    INFO     Processing request of type           server.py:713
                             CallToolRequest                                   
                    INFO     HTTP Request: GET                  _client.py:1740
                             https://vpnapi.io/api/172.12.46.92                
                             ?key=3a8955355abf49748efb87f626c49                
                             2cc "HTTP/1.1 200 OK"                             
[03/03/26 02:05:33] INFO     HTTP Request: GET                  _client.py:1740
                             https://api.abuseipdb.com/api/v2/c                
                             heck?ipAddress=172.12.46.92&verbos                
                             e=true "HTTP/1.1 200 OK"                          
📊 alert-8 | Input: 5264 | Output: 8673 | Time: 90.36 sec
✅ CORRECT: Suspicious PowerShell Script Execution | Folder: HP (Got: HP)
--- Decided on Playbook: suspicious_powershell.json for alerts\Suspicious PowerShell Script\HP\alert-9 ---
[03/03/26 02:06:36] INFO     Processing request of type           server.py:713
                             CallToolRequest                                   
[03/03/26 02:06:37] INFO     HTTP Request: GET                  _client.py:1740
                             https://www.virustotal.com/api/v3/                
                             files/9785001b0dcf755eddb8af294a37                
                             3c0b87b2498660f724e76c4d53f9c217c7                
                             a3 "HTTP/1.1 200 OK"                              
📊 alert-9 | Input: 5134 | Output: 4826 | Time: 47.34 sec
✅ CORRECT: Suspicious PowerShell Script Execution | Folder: HP (Got: HP)
--- Decided on Playbook: suspicious_powershell.json for alerts\Suspicious PowerShell Script\LP\alert-1 ---
📊 alert-1 | Input: 3760 | Output: 3569 | Time: 35.25 sec
✅ CORRECT: Suspicious PowerShell Script Execution | Folder: LP (Got: LP)
--- Decided on Playbook: suspicious_powershell.json for alerts\Suspicious PowerShell Script\LP\alert-10 ---
📊 alert-10 | Input: 7961 | Output: 4482 | Time: 43.78 sec
❌ INCORRECT: Suspicious PowerShell Script Execution | Expected: LP (Got: HP)
--- Decided on Playbook: suspicious_powershell.json for alerts\Suspicious PowerShell Script\LP\alert-2 ---
📊 alert-2 | Input: 2804 | Output: 4020 | Time: 39.99 sec
✅ CORRECT: Suspicious PowerShell Script Execution | Folder: LP (Got: LP)
--- Decided on Playbook: suspicious_powershell.json for alerts\Suspicious PowerShell Script\LP\alert-3 ---
📊 alert-3 | Input: 6447 | Output: 4109 | Time: 33.65 sec
✅ CORRECT: Suspicious PowerShell Script Execution | Folder: LP (Got: LP)
--- Decided on Playbook: suspicious_powershell.json for alerts\Suspicious PowerShell Script\LP\alert-4 ---
📊 alert-4 | Input: 2586 | Output: 2912 | Time: 22.51 sec
✅ CORRECT: Suspicious PowerShell Script Execution | Folder: LP (Got: LP)
--- Decided on Playbook: suspicious_powershell.json for alerts\Suspicious PowerShell Script\LP\alert-5 ---
📊 alert-5 | Input: 5035 | Output: 4473 | Time: 37.36 sec
✅ CORRECT: Suspicious PowerShell Script Execution | Folder: LP (Got: LP)
--- Decided on Playbook: suspicious_powershell.json for alerts\Suspicious PowerShell Script\LP\alert-6 ---
[03/03/26 02:10:57] INFO     Processing request of type           server.py:713
                             CallToolRequest                                   
[03/03/26 02:10:58] INFO     HTTP Request: GET                  _client.py:1740
                             https://www.virustotal.com/api/v3/                
                             files/159cd40d11705ca90f15a789db51                
                             07d1deba86e7695984bfceaa1c88af2076                
                             7a "HTTP/1.1 404 Not Found"                       
📊 alert-6 | Input: 4798 | Output: 5013 | Time: 36.30 sec
✅ CORRECT: Suspicious PowerShell Script Execution | Folder: LP (Got: LP)
--- Decided on Playbook: suspicious_powershell.json for alerts\Suspicious PowerShell Script\LP\alert-7 ---
[03/03/26 02:11:40] INFO     Processing request of type           server.py:713
                             CallToolRequest                                   
                    INFO     HTTP Request: GET                  _client.py:1740
                             https://www.virustotal.com/api/v3/                
                             files/63854e78780866d2ae56a58958a1                
                             fda017a71f54b71fe70cf5403958e96186                
                             2a "HTTP/1.1 200 OK"                              
📊 alert-7 | Input: 4791 | Output: 4954 | Time: 37.55 sec
✅ CORRECT: Suspicious PowerShell Script Execution | Folder: LP (Got: LP)
--- Decided on Playbook: suspicious_powershell.json for alerts\Suspicious PowerShell Script\LP\alert-8 ---
[03/03/26 02:12:11] INFO     Processing request of type           server.py:713
                             CallToolRequest                                   
[03/03/26 02:12:12] INFO     HTTP Request: GET                  _client.py:1740
                             https://www.virustotal.com/api/v3/                
                             files/145c75624d30ef5a088048904ac2                
                             68d9bb24568df442cc8ab39bceb3cddbb2                
                             4e "HTTP/1.1 200 OK"                              
📊 alert-8 | Input: 4817 | Output: 5172 | Time: 38.33 sec
✅ CORRECT: Suspicious PowerShell Script Execution | Folder: LP (Got: LP)
--- Decided on Playbook: suspicious_powershell.json for alerts\Suspicious PowerShell Script\LP\alert-9 ---
[03/03/26 02:12:49] INFO     Processing request of type           server.py:713
                             CallToolRequest                                   
                    INFO     HTTP Request: GET                  _client.py:1740
                             https://www.virustotal.com/api/v3/                
                             files/9785001b0dcf755eddb8af294a37                
                             3c0b87b2498660f724e76c4d53f9c217c7                
                             a3 "HTTP/1.1 200 OK"                              
📊 alert-9 | Input: 8510 | Output: 4126 | Time: 31.37 sec
❌ INCORRECT: Suspicious PowerShell Script Execution | Expected: LP (Got: HP)
--- Decided on Playbook: logo_abuse_detection.json for alerts\Threat Intelligence (Company Logo Detection)\HP\alert-1 ---
[03/03/26 02:13:17] INFO     Processing request of type           server.py:713
                             CallToolRequest                                   
[03/03/26 02:13:18] INFO     HTTP Request: GET                  _client.py:1740
                             https://vpnapi.io/api/195.178.110.                
                             15?key=3a8955355abf49748efb87f626c                
                             492cc "HTTP/1.1 200 OK"                           
                    INFO     HTTP Request: GET                  _client.py:1740
                             https://api.abuseipdb.com/api/v2/c                
                             heck?ipAddress=195.178.110.15&verb                
                             ose=true "HTTP/1.1 200 OK"                        
📊 alert-1 | Input: 7663 | Output: 3704 | Time: 28.90 sec
✅ CORRECT: Brand Logo Detection | Folder: HP (Got: HP)
--- Decided on Playbook: logo_abuse_detection.json for alerts\Threat Intelligence (Company Logo Detection)\HP\alert-2 ---
[03/03/26 02:13:58] INFO     Processing request of type           server.py:713
                             CallToolRequest                                   
                    INFO     HTTP Request: GET                  _client.py:1740
                             https://vpnapi.io/api/185.212.131.                
                             54?key=3a8955355abf49748efb87f626c                
                             492cc "HTTP/1.1 200 OK"                           
                    INFO     HTTP Request: GET                  _client.py:1740
                             https://api.abuseipdb.com/api/v2/c                
                             heck?ipAddress=185.212.131.54&verb                
                             ose=true "HTTP/1.1 200 OK"                        
📊 alert-2 | Input: 7653 | Output: 5290 | Time: 37.86 sec
✅ CORRECT: Brand Logo Detection | Folder: HP (Got: HP)
--- Decided on Playbook: logo_abuse_detection.json for alerts\Threat Intelligence (Company Logo Detection)\HP\alert-3 ---
[03/03/26 02:14:39] INFO     Processing request of type           server.py:713
                             CallToolRequest                                   
                    INFO     HTTP Request: GET                  _client.py:1740
                             https://vpnapi.io/api/103.45.12.89                
                             ?key=3a8955355abf49748efb87f626c49                
                             2cc "HTTP/1.1 200 OK"                             
                    INFO     HTTP Request: GET                  _client.py:1740
                             https://api.abuseipdb.com/api/v2/c                
                             heck?ipAddress=103.45.12.89&verbos                
                             e=true "HTTP/1.1 200 OK"                          
                    INFO     Processing request of type           server.py:713
                             CallToolRequest                                   
📊 alert-3 | Input: 7715 | Output: 5793 | Time: 48.15 sec
✅ CORRECT: Brand Logo Detection | Folder: HP (Got: HP)
--- Decided on Playbook: logo_abuse_detection.json for alerts\Threat Intelligence (Company Logo Detection)\HP\alert-4 ---
[03/03/26 02:15:21] INFO     Processing request of type           server.py:713
                             CallToolRequest                                   
                    INFO     HTTP Request: GET                  _client.py:1740
                             https://vpnapi.io/api/192.185.112.                
                             40?key=3a8955355abf49748efb87f626c                
                             492cc "HTTP/1.1 200 OK"                           
                    INFO     HTTP Request: GET                  _client.py:1740
                             https://api.abuseipdb.com/api/v2/c                
                             heck?ipAddress=192.185.112.40&verb                
                             ose=true "HTTP/1.1 200 OK"                        
📊 alert-4 | Input: 7665 | Output: 6212 | Time: 43.63 sec
✅ CORRECT: Brand Logo Detection | Folder: HP (Got: HP)
--- Decided on Playbook: logo_abuse_detection.json for alerts\Threat Intelligence (Company Logo Detection)\HP\alert-5 ---
[03/03/26 02:16:03] INFO     Processing request of type           server.py:713
                             CallToolRequest                                   
                    INFO     HTTP Request: GET                  _client.py:1740
                             https://vpnapi.io/api/45.138.27.11                
                             2?key=3a8955355abf49748efb87f626c4                
                             92cc "HTTP/1.1 200 OK"                            
                    INFO     HTTP Request: GET                  _client.py:1740
                             https://api.abuseipdb.com/api/v2/c                
                             heck?ipAddress=45.138.27.112&verbo                
                             se=true "HTTP/1.1 200 OK"                         
📊 alert-5 | Input: 7583 | Output: 5583 | Time: 43.72 sec
✅ CORRECT: Brand Logo Detection | Folder: HP (Got: HP)
--- Decided on Playbook: logo_abuse_detection.json for alerts\Threat Intelligence (Company Logo Detection)\LP\alert-1 ---
[03/03/26 02:16:40] INFO     Processing request of type           server.py:713
                             CallToolRequest                                   
                    INFO     HTTP Request: GET                  _client.py:1740
                             https://vpnapi.io/api/50.62.0.1?ke                
                             y=3a8955355abf49748efb87f626c492cc                
                              "HTTP/1.1 200 OK"                                
[03/03/26 02:16:41] INFO     HTTP Request: GET                  _client.py:1740
                             https://api.abuseipdb.com/api/v2/c                
                             heck?ipAddress=50.62.0.1&verbose=t                
                             rue "HTTP/1.1 200 OK"                             
📊 alert-1 | Input: 7645 | Output: 5849 | Time: 44.08 sec
✅ CORRECT: Brand Logo Detection | Folder: LP (Got: LP)
--- Decided on Playbook: logo_abuse_detection.json for alerts\Threat Intelligence (Company Logo Detection)\LP\alert-2 ---
📊 alert-2 | Input: 4853 | Output: 4107 | Time: 30.20 sec
✅ CORRECT: Brand Logo Detection | Folder: LP (Got: LP)
--- Decided on Playbook: logo_abuse_detection.json for alerts\Threat Intelligence (Company Logo Detection)\LP\alert-3 ---
[03/03/26 02:18:02] INFO     Processing request of type           server.py:713
                             CallToolRequest                                   
                    INFO     HTTP Request: GET                  _client.py:1740
                             https://vpnapi.io/api/104.26.10.22                
                             7?key=3a8955355abf49748efb87f626c4                
                             92cc "HTTP/1.1 200 OK"                            
                    INFO     HTTP Request: GET                  _client.py:1740
                             https://api.abuseipdb.com/api/v2/c                
                             heck?ipAddress=104.26.10.227&verbo                
                             se=true "HTTP/1.1 200 OK"                         
                    INFO     Processing request of type           server.py:713
                             CallToolRequest                                   
                    INFO     Processing request of type           server.py:713
                             CallToolRequest                                   
📊 alert-3 | Input: 7742 | Output: 6120 | Time: 43.15 sec
✅ CORRECT: Brand Logo Detection | Folder: LP (Got: LP)
--- Decided on Playbook: logo_abuse_detection.json for alerts\Threat Intelligence (Company Logo Detection)\LP\alert-4 ---
[03/03/26 02:18:46] INFO     Processing request of type           server.py:713
                             CallToolRequest                                   
                    INFO     HTTP Request: GET                  _client.py:1740
                             https://vpnapi.io/api/104.26.10.22                
                             5?key=3a8955355abf49748efb87f626c4                
                             92cc "HTTP/1.1 200 OK"                            
[03/03/26 02:18:47] INFO     HTTP Request: GET                  _client.py:1740
                             https://api.abuseipdb.com/api/v2/c                
                             heck?ipAddress=104.26.10.225&verbo                
                             se=true "HTTP/1.1 200 OK"                         
📊 alert-4 | Input: 7646 | Output: 5533 | Time: 43.22 sec
✅ CORRECT: Brand Logo Detection | Folder: LP (Got: LP)
--- Decided on Playbook: logo_abuse_detection.json for alerts\Threat Intelligence (Company Logo Detection)\LP\alert-5 ---
[03/03/26 02:19:31] INFO     Processing request of type           server.py:713
                             CallToolRequest                                   
                    INFO     HTTP Request: GET                  _client.py:1740
                             https://vpnapi.io/api/104.26.10.22                
                             4?key=3a8955355abf49748efb87f626c4                
                             92cc "HTTP/1.1 200 OK"                            
                    INFO     HTTP Request: GET                  _client.py:1740
                             https://api.abuseipdb.com/api/v2/c                
                             heck?ipAddress=104.26.10.224&verbo                
                             se=true "HTTP/1.1 200 OK"                         
📊 alert-5 | Input: 7650 | Output: 5397 | Time: 39.91 sec
✅ CORRECT: Brand Logo Detection | Folder: LP (Got: LP)
--- Decided on Playbook: potentially_leaked_document.json for alerts\Threat Intelligence (Company Mention in Potentially Leaked Documents)\HP\alert-1 ---
📊 alert-1 | Input: 2551 | Output: 2872 | Time: 27.92 sec
✅ CORRECT: Brand Mention in External Document | Folder: HP (Got: HP)
--- Decided on Playbook: potentially_leaked_document.json for alerts\Threat Intelligence (Company Mention in Potentially Leaked Documents)\HP\alert-2 ---
📊 alert-2 | Input: 2581 | Output: 2478 | Time: 24.14 sec
✅ CORRECT: Brand Mention in External Document | Folder: HP (Got: HP)
--- Decided on Playbook: potentially_leaked_document.json for alerts\Threat Intelligence (Company Mention in Potentially Leaked Documents)\HP\alert-3 ---
📊 alert-3 | Input: 2576 | Output: 2965 | Time: 27.28 sec
✅ CORRECT: Brand Mention in External Document | Folder: HP (Got: HP)
--- Decided on Playbook: potentially_leaked_document.json for alerts\Threat Intelligence (Company Mention in Potentially Leaked Documents)\HP\alert-4 ---
📊 alert-4 | Input: 2557 | Output: 2742 | Time: 29.89 sec
✅ CORRECT: Brand Mention in External Document | Folder: HP (Got: HP)
--- Decided on Playbook: potentially_leaked_document.json for alerts\Threat Intelligence (Company Mention in Potentially Leaked Documents)\HP\alert-5 ---
📊 alert-5 | Input: 2587 | Output: 3023 | Time: 29.20 sec
✅ CORRECT: Brand Mention in External Document | Folder: HP (Got: HP)
--- Decided on Playbook: potentially_leaked_document.json for alerts\Threat Intelligence (Company Mention in Potentially Leaked Documents)\LP\alert-1 ---
📊 alert-1 | Input: 2531 | Output: 2774 | Time: 26.15 sec
✅ CORRECT: Brand Mention in External Document | Folder: LP (Got: LP)
--- Decided on Playbook: potentially_leaked_document.json for alerts\Threat Intelligence (Company Mention in Potentially Leaked Documents)\LP\alert-2 ---
📊 alert-2 | Input: 4400 | Output: 4200 | Time: 42.13 sec
✅ CORRECT: Brand Mention in External Document | Folder: LP (Got: LP)
--- Decided on Playbook: potentially_leaked_document.json for alerts\Threat Intelligence (Company Mention in Potentially Leaked Documents)\LP\alert-3 ---
📊 alert-3 | Input: 4494 | Output: 5137 | Time: 44.54 sec
❌ INCORRECT: Brand Mention in External Document | Expected: LP (Got: HP)
--- Decided on Playbook: potentially_leaked_document.json for alerts\Threat Intelligence (Company Mention in Potentially Leaked Documents)\LP\alert-4 ---
📊 alert-4 | Input: 4474 | Output: 5396 | Time: 48.98 sec
✅ CORRECT: Brand Mention in External Document | Folder: LP (Got: LP)
--- Decided on Playbook: potentially_leaked_document.json for alerts\Threat Intelligence (Company Mention in Potentially Leaked Documents)\LP\alert-5 ---
📊 alert-5 | Input: 2597 | Output: 3340 | Time: 29.54 sec
❌ INCORRECT: Brand Mention in External Document | Expected: LP (Got: HP)

========================================
TRIAGE SUMMARY
Total processed: 100
Correct: 75 | Incorrect: 25
Accuracy: 75.00%
----------------------------------------
  Avg Time: 33.75 sec
OVERALL AVG TOKENS PER ALERT:
  Input:  4477.83
  Output: 4560.02
----------------------------------------
AVERAGES PER USE CASE (Subfolder):
  [Data Exfiltration Anomaly] (20 alerts):
    Avg Input:  3270.90
    Avg Output: 3701.40
    Avg Time:   29.48 sec
  [DNS Tunneling Anomaly] (10 alerts):
    Avg Input:  4659.80
    Avg Output: 5010.10
    Avg Time:   30.88 sec
  [EDR] (10 alerts):
    Avg Input:  3748.60
    Avg Output: 4464.50
    Avg Time:   26.95 sec
  [Suspicious Azure Network Activity] (10 alerts):
    Avg Input:  4277.60
    Avg Output: 4913.30
    Avg Time:   28.23 sec
  [Suspicious Login] (10 alerts):
    Avg Input:  4275.50
    Avg Output: 4670.80
    Avg Time:   30.39 sec
  [Suspicious PowerShell Script] (20 alerts):
    Avg Input:  5379.35
    Avg Output: 5143.60
    Avg Time:   44.41 sec
  [Threat Intelligence (Company Logo Detection)] (10 alerts):
    Avg Input:  7381.50
    Avg Output: 5358.80
    Avg Time:   40.28 sec
  [Threat Intelligence (Company Mention in Potentially Leaked Documents)] (10 alerts):
    Avg Input:  3134.80
    Avg Output: 3492.70
    Avg Time:   32.98 sec
========================================

📝 Final summary report saved to final_stats_report.json
